../Core/Src/lcd.c:11:6:Delay	16	static
../Core/Src/lcd.c:13:6:LCD_INIT	16	static
../Core/Src/lcd.c:23:6:LCD_Rst	8	static
../Core/Src/lcd.c:32:6:LCD_BackLed_Control	16	static
../Core/Src/lcd.c:43:6:LCD_Write_Cmd	16	static
../Core/Src/lcd.c:51:6:LCD_Write_Data	16	static
../Core/Src/lcd.c:59:10:LCD_Read_Data	4	static
../Core/Src/lcd.c:65:6:LCD_REG_Config	8	static
../Core/Src/lcd.c:224:6:LCD_OpenWindow	24	static
../Core/Src/lcd.c:241:6:LCD_FillColor	24	static
../Core/Src/lcd.c:256:6:LCD_Clear	24	static
../Core/Src/lcd.c:265:10:LCD_Read_PixelData	16	static
../Core/Src/lcd.c:285:10:LCD_GetPointPixel	24	static
../Core/Src/lcd.c:299:6:LCD_DrawLine	64	static
../Core/Src/lcd.c:371:6:LCD_DrawChar	24	static
../Core/Src/lcd.c:405:6:LCD_DrawString	16	static
../Core/Src/lcd.c:433:6:LCD_DrawDot	16	static
../Core/Src/lcd.c:446:6:LCD_DrawEllipse	56	static
../Core/Src/lcd.c:483:6:LCD_WriteName	24	static
../Core/Src/lcd.c:502:6:LCD_PrintImage	16	static
