22:47:26 **** Incremental Build of configuration Debug for project HW1 ****
make -j16 all 
arm-none-eabi-gcc "../Core/Src/main.c" -mcpu=cortex-m3 -std=gnu11 -g3 -DDEBUG -DUSE_HAL_DRIVER -DSTM32F103xE -c -I../Core/Inc -I../Drivers/STM32F1xx_HAL_Driver/Inc/Legacy -I../Drivers/STM32F1xx_HAL_Driver/Inc -I../Drivers/CMSIS/Device/ST/STM32F1xx/Include -I../Drivers/CMSIS/Include -O0 -ffunction-sections -fdata-sections -Wall -fstack-usage -MMD -MP -MF"Core/Src/main.d" -MT"Core/Src/main.o" --specs=nano.specs -mfloat-abi=soft -mthumb -o "Core/Src/main.o"
arm-none-eabi-gcc -o "HW1.elf" @"objects.list"   -mcpu=cortex-m3 -T"C:\Users\pinkp\Documents\GitHub\ELEC3300\HW1\STM32F103VETX_FLASH.ld" --specs=nosys.specs -Wl,-Map="HW1.map" -Wl,--gc-sections -static --specs=nano.specs -mfloat-abi=soft -mthumb -Wl,--start-group -lc -lm -Wl,--end-group
Finished building target: HW1.elf
 
arm-none-eabi-size   HW1.elf 
arm-none-eabi-objdump -h -S  HW1.elf  > "HW1.list"
   text	   data	    bss	    dec	    hex	filename
   4140	     52	   1664	   5856	   16e0	HW1.elf
Finished building: default.size.stdout
 
Finished building: HW1.list
 

22:47:28 Build Finished. 0 errors, 0 warnings. (took 1s.375ms)

