02:30:19 **** Incremental Build of configuration Debug for project LAB5 ****
make -j16 all 
arm-none-eabi-gcc "../Core/Src/main.c" -mcpu=cortex-m3 -std=gnu11 -g3 -DDEBUG -DUSE_HAL_DRIVER -DSTM32F103xE -c -I../Core/Inc -I../Drivers/STM32F1xx_HAL_Driver/Inc/Legacy -I../Drivers/STM32F1xx_HAL_Driver/Inc -I../Drivers/CMSIS/Device/ST/STM32F1xx/Include -I../Drivers/CMSIS/Include -O0 -ffunction-sections -fdata-sections -Wall -fstack-usage -MMD -MP -MF"Core/Src/main.d" -MT"Core/Src/main.o" --specs=nano.specs -mfloat-abi=soft -mthumb -o "Core/Src/main.o"
../Core/Src/main.c: In function 'main':
../Core/Src/main.c:144:4: warning: implicit declaration of function 'sprintf' [-Wimplicit-function-declaration]
  144 |    sprintf(buff, "Value: %4d %4x", res, res);
      |    ^~~~~~~
../Core/Src/main.c:144:4: warning: incompatible implicit declaration of built-in function 'sprintf'
../Core/Src/main.c:25:1: note: include '<stdio.h>' or provide a declaration of 'sprintf'
   24 | #include "lcd.h"
  +++ |+#include <stdio.h>
   25 | /* USER CODE END Includes */
../Core/Src/main.c:144:28: warning: format '%d' expects argument of type 'int', but argument 3 has type 'uint32_t' {aka 'long unsigned int'} [-Wformat=]
  144 |    sprintf(buff, "Value: %4d %4x", res, res);
      |                          ~~^       ~~~
      |                            |       |
      |                            int     uint32_t {aka long unsigned int}
      |                          %4ld
../Core/Src/main.c:144:32: warning: format '%x' expects argument of type 'unsigned int', but argument 4 has type 'uint32_t' {aka 'long unsigned int'} [-Wformat=]
  144 |    sprintf(buff, "Value: %4d %4x", res, res);
      |                              ~~^        ~~~
      |                                |        |
      |                                |        uint32_t {aka long unsigned int}
      |                                unsigned int
      |                              %4lx
../Core/Src/main.c:148:28: warning: format '%d' expects argument of type 'int', but argument 3 has type 'uint32_t' {aka 'long unsigned int'} [-Wformat=]
  148 |    sprintf(buff, "Value: %4d %4x", res2, res2);
      |                          ~~^       ~~~~
      |                            |       |
      |                            int     uint32_t {aka long unsigned int}
      |                          %4ld
../Core/Src/main.c:148:32: warning: format '%x' expects argument of type 'unsigned int', but argument 4 has type 'uint32_t' {aka 'long unsigned int'} [-Wformat=]
  148 |    sprintf(buff, "Value: %4d %4x", res2, res2);
      |                              ~~^         ~~~~
      |                                |         |
      |                                |         uint32_t {aka long unsigned int}
      |                                unsigned int
      |                              %4lx
../Core/Src/main.c:110:11: warning: unused variable 'screen_state' [-Wunused-variable]
  110 |   uint8_t screen_state = 0;
      |           ^~~~~~~~~~~~
../Core/Src/main.c:109:24: warning: unused variable 'now_LR' [-Wunused-variable]
  109 |   uint32_t now_SR = 0, now_LR = 0;
      |                        ^~~~~~
../Core/Src/main.c:109:12: warning: unused variable 'now_SR' [-Wunused-variable]
  109 |   uint32_t now_SR = 0, now_LR = 0;
      |            ^~~~~~
../Core/Src/main.c:108:25: warning: unused variable 'prev_LR' [-Wunused-variable]
  108 |   uint32_t prev_SR = 0, prev_LR = 0;
      |                         ^~~~~~~
../Core/Src/main.c:108:12: warning: unused variable 'prev_SR' [-Wunused-variable]
  108 |   uint32_t prev_SR = 0, prev_LR = 0;
      |            ^~~~~~~
../Core/Src/main.c:107:12: warning: unused variable 'last_tick' [-Wunused-variable]
  107 |   uint32_t last_tick = HAL_GetTick();
      |            ^~~~~~~~~
arm-none-eabi-gcc -o "LAB5.elf" @"objects.list"   -mcpu=cortex-m3 -T"C:\Users\pinkp\Documents\GitHub\ELEC3300\LAB5\STM32F103VETX_FLASH.ld" --specs=nosys.specs -Wl,-Map="LAB5.map" -Wl,--gc-sections -static --specs=nano.specs -mfloat-abi=soft -mthumb -Wl,--start-group -lc -lm -Wl,--end-group
Finished building target: LAB5.elf
 
arm-none-eabi-size   LAB5.elf 
arm-none-eabi-objdump -h -S  LAB5.elf  > "LAB5.list"
   text	   data	    bss	    dec	    hex	filename
  15760	    120	   1760	  17640	   44e8	LAB5.elf
Finished building: default.size.stdout
 
Finished building: LAB5.list
 

02:30:19 Build Finished. 0 errors, 12 warnings. (took 699ms)

